------------------------------------------------------------
Timing Analyzer Summary
------------------------------------------------------------

Type  : Slow 1100mV 85C Model Setup 'inst1|pll_inst|altera_pll_i|general[0].gpll~PLL_OUTPUT_COUNTER|divclk'
Slack : -6.194
TNS   : -11.643

Type  : Slow 1100mV 85C Model Setup 'VGA_SYNC:inst|vert_sync_out'
Slack : -2.600
TNS   : -30.104

Type  : Slow 1100mV 85C Model Hold 'VGA_SYNC:inst|vert_sync_out'
Slack : 0.405
TNS   : 0.000

Type  : Slow 1100mV 85C Model Hold 'inst1|pll_inst|altera_pll_i|general[0].gpll~PLL_OUTPUT_COUNTER|divclk'
Slack : 0.502
TNS   : 0.000

Type  : Slow 1100mV 85C Model Minimum Pulse Width 'VGA_SYNC:inst|vert_sync_out'
Slack : -0.538
TNS   : -9.991

Type  : Slow 1100mV 85C Model Minimum Pulse Width 'inst1|pll_inst|altera_pll_i|general[0].gpll~FRACTIONAL_PLL|vcoph[0]'
Slack : 1.666
TNS   : 0.000

Type  : Slow 1100mV 85C Model Minimum Pulse Width 'clk'
Slack : 9.949
TNS   : 0.000

Type  : Slow 1100mV 85C Model Minimum Pulse Width 'inst1|pll_inst|altera_pll_i|general[0].gpll~PLL_OUTPUT_COUNTER|divclk'
Slack : 19.261
TNS   : 0.000

Type  : Slow 1100mV 0C Model Setup 'inst1|pll_inst|altera_pll_i|general[0].gpll~PLL_OUTPUT_COUNTER|divclk'
Slack : -5.771
TNS   : -10.797

Type  : Slow 1100mV 0C Model Setup 'VGA_SYNC:inst|vert_sync_out'
Slack : -2.739
TNS   : -31.133

Type  : Slow 1100mV 0C Model Hold 'inst1|pll_inst|altera_pll_i|general[0].gpll~PLL_OUTPUT_COUNTER|divclk'
Slack : 0.301
TNS   : 0.000

Type  : Slow 1100mV 0C Model Hold 'VGA_SYNC:inst|vert_sync_out'
Slack : 0.402
TNS   : 0.000

Type  : Slow 1100mV 0C Model Minimum Pulse Width 'VGA_SYNC:inst|vert_sync_out'
Slack : -0.538
TNS   : -10.010

Type  : Slow 1100mV 0C Model Minimum Pulse Width 'inst1|pll_inst|altera_pll_i|general[0].gpll~FRACTIONAL_PLL|vcoph[0]'
Slack : 1.666
TNS   : 0.000

Type  : Slow 1100mV 0C Model Minimum Pulse Width 'clk'
Slack : 9.980
TNS   : 0.000

Type  : Slow 1100mV 0C Model Minimum Pulse Width 'inst1|pll_inst|altera_pll_i|general[0].gpll~PLL_OUTPUT_COUNTER|divclk'
Slack : 19.179
TNS   : 0.000

Type  : Fast 1100mV 85C Model Setup 'inst1|pll_inst|altera_pll_i|general[0].gpll~PLL_OUTPUT_COUNTER|divclk'
Slack : -3.694
TNS   : -7.062

Type  : Fast 1100mV 85C Model Setup 'VGA_SYNC:inst|vert_sync_out'
Slack : -0.872
TNS   : -10.077

Type  : Fast 1100mV 85C Model Hold 'VGA_SYNC:inst|vert_sync_out'
Slack : 0.119
TNS   : 0.000

Type  : Fast 1100mV 85C Model Hold 'inst1|pll_inst|altera_pll_i|general[0].gpll~PLL_OUTPUT_COUNTER|divclk'
Slack : 0.236
TNS   : 0.000

Type  : Fast 1100mV 85C Model Minimum Pulse Width 'VGA_SYNC:inst|vert_sync_out'
Slack : 0.152
TNS   : 0.000

Type  : Fast 1100mV 85C Model Minimum Pulse Width 'inst1|pll_inst|altera_pll_i|general[0].gpll~FRACTIONAL_PLL|vcoph[0]'
Slack : 1.666
TNS   : 0.000

Type  : Fast 1100mV 85C Model Minimum Pulse Width 'clk'
Slack : 9.643
TNS   : 0.000

Type  : Fast 1100mV 85C Model Minimum Pulse Width 'inst1|pll_inst|altera_pll_i|general[0].gpll~PLL_OUTPUT_COUNTER|divclk'
Slack : 19.548
TNS   : 0.000

Type  : Fast 1100mV 0C Model Setup 'inst1|pll_inst|altera_pll_i|general[0].gpll~PLL_OUTPUT_COUNTER|divclk'
Slack : -2.915
TNS   : -5.528

Type  : Fast 1100mV 0C Model Setup 'VGA_SYNC:inst|vert_sync_out'
Slack : -0.770
TNS   : -8.700

Type  : Fast 1100mV 0C Model Hold 'VGA_SYNC:inst|vert_sync_out'
Slack : 0.101
TNS   : 0.000

Type  : Fast 1100mV 0C Model Hold 'inst1|pll_inst|altera_pll_i|general[0].gpll~PLL_OUTPUT_COUNTER|divclk'
Slack : 0.220
TNS   : 0.000

Type  : Fast 1100mV 0C Model Minimum Pulse Width 'VGA_SYNC:inst|vert_sync_out'
Slack : 0.150
TNS   : 0.000

Type  : Fast 1100mV 0C Model Minimum Pulse Width 'inst1|pll_inst|altera_pll_i|general[0].gpll~FRACTIONAL_PLL|vcoph[0]'
Slack : 1.666
TNS   : 0.000

Type  : Fast 1100mV 0C Model Minimum Pulse Width 'clk'
Slack : 9.632
TNS   : 0.000

Type  : Fast 1100mV 0C Model Minimum Pulse Width 'inst1|pll_inst|altera_pll_i|general[0].gpll~PLL_OUTPUT_COUNTER|divclk'
Slack : 19.544
TNS   : 0.000

------------------------------------------------------------
